wsl: Failed to start the systemd user session for 'msduda'. See journalctl for more details.
WARNING: All log messages before absl::InitializeLog() is called are written to STDERR
I0000 00:00:1785989677.588223     345 port.cc:153] oneDNN custom operations are on. You may see slightly different numerical results due to floating-point round-off errors from different computation orders. To turn them off, set the environment variable `TF_ENABLE_ONEDNN_OPTS=0`.
I0000 00:00:1785989678.365142     345 cpu_feature_guard.cc:227] This TensorFlow binary is optimized to use available CPU instructions in performance-critical operations.
To enable the following instructions: AVX2 AVX_VNNI FMA, in other operations, rebuild TensorFlow with the appropriate compiler flags.
WARNING: All log messages before absl::InitializeLog() is called are written to STDERR
I0000 00:00:1785989680.836492     345 port.cc:153] oneDNN custom operations are on. You may see slightly different numerical results due to floating-point round-off errors from different computation orders. To turn them off, set the environment variable `TF_ENABLE_ONEDNN_OPTS=0`.
I0000 00:00:1785989685.906415     345 gpu_device.cc:2043] Created device /job:localhost/replica:0/task:0/device:GPU:0 with 5657 MB memory:  -> device: 0, name: NVIDIA GeForce RTX 3050, pci bus id: 0000:01:00.0, compute capability: 8.6
E0000 00:00:1785989689.213810     345 node_def_util.cc:682] NodeDef mentions attribute use_unbounded_threadpool which is not in the op definition: Op<name=MapDataset; signature=input_dataset:variant, other_arguments: -> handle:variant; attr=f:func; attr=Targuments:list(type),min=0; attr=output_types:list(type),min=1; attr=output_shapes:list(shape),min=1; attr=use_inter_op_parallelism:bool,default=true; attr=preserve_cardinality:bool,default=false; attr=force_synchronous:bool,default=false; attr=metadata:string,default=""> This may be expected if your graph generating binary is newer  than this binary. Unknown attributes will be ignored. NodeDef: {{node ParallelMapDatasetV2/_5}}
E0000 00:00:1785989689.219788     345 util.cc:131] oneDNN supports DT_HALF only on platforms with AVX-512. Falling back to the default Eigen-based implementation if present.
I0000 00:00:1785989695.107681     489 generator_dataset_op.cc:213] Memory patch applied: M_TRIM_THRESHOLD=128 kb was set.
I0000 00:00:1785989705.099591     489 shuffle_dataset_op.cc:453] ShuffleDatasetV3:4: Filling up shuffle buffer (this may take a while): 13737 of 49000
I0000 00:00:1785989725.099657     489 shuffle_dataset_op.cc:453] ShuffleDatasetV3:4: Filling up shuffle buffer (this may take a while): 41016 of 49000
I0000 00:00:1785989731.337397     489 shuffle_dataset_op.cc:483] Shuffle buffer filled.
I0000 00:00:1785989731.413661     409 cuda_dnn.cc:461] Loaded cuDNN version 92400
E0000 00:00:1785989881.549825     345 node_def_util.cc:682] NodeDef mentions attribute use_unbounded_threadpool which is not in the op definition: Op<name=MapDataset; signature=input_dataset:variant, other_arguments: -> handle:variant; attr=f:func; attr=Targuments:list(type),min=0; attr=output_types:list(type),min=1; attr=output_shapes:list(shape),min=1; attr=use_inter_op_parallelism:bool,default=true; attr=preserve_cardinality:bool,default=false; attr=force_synchronous:bool,default=false; attr=metadata:string,default=""> This may be expected if your graph generating binary is newer  than this binary. Unknown attributes will be ignored. NodeDef: {{node ParallelMapDatasetV2/_5}}
I0000 00:00:1785989984.132741     489 shuffle_dataset_op.cc:453] ShuffleDatasetV3:4: Filling up shuffle buffer (this may take a while): 10259 of 49000
I0000 00:00:1785990004.131317     489 shuffle_dataset_op.cc:453] ShuffleDatasetV3:4: Filling up shuffle buffer (this may take a while): 19355 of 49000
I0000 00:00:1785990024.131061     489 shuffle_dataset_op.cc:453] ShuffleDatasetV3:4: Filling up shuffle buffer (this may take a while): 41703 of 49000
I0000 00:00:1785990029.818367     489 shuffle_dataset_op.cc:483] Shuffle buffer filled.
